DATABASE - project
tables - user,leaderboard,problems,map;



mysql> select * from user;
+------------------------+----------+----------+
| email                  | username | password |
+------------------------+----------+----------+
| rachit.ban@iiitb.org   | rachit41 | 123      |
| nisarg.shah@iiitb.org  | nisarg41 | 1243     |
| nirmal.patel@iiitb.org | nirmal29 | 7243     |
+------------------------+----------+----------+
3 rows in set (0.03 sec)

mysql> desc user;
+----------+-------------+------+-----+---------+-------+
| Field    | Type        | Null | Key | Default | Extra |
+----------+-------------+------+-----+---------+-------+
| email    | varchar(40) | YES  |     | NULL    |       |
| username | varchar(40) | YES  |     | NULL    |       |
| password | varchar(40) | YES  |     | NULL    |       |
+----------+-------------+------+-----+---------+-------+

mysql> select * from problems;
+------+----------------------------------------------------+------------+--------+-----------+--------+
| sno  | name                                               | difficulty | topic  | attempted | solved |
+------+----------------------------------------------------+------------+--------+-----------+--------+
|    1 | Check If All 1's Are at Least Length K Places Away | medium     | array  |         5 |      3 |
|    2 | Remove Palindromic Subsequences                    | easy       | string |        11 |      6 |
+------+----------------------------------------------------+------------+--------+-----------+--------+
2 rows in set (0.00 sec)

mysql> desc problems;
+------------+--------------+------+-----+---------+-------+
| Field      | Type         | Null | Key | Default | Extra |
+------------+--------------+------+-----+---------+-------+
| sno        | int(11)      | YES  |     | NULL    |       |
| name       | varchar(100) | YES  |     | NULL    |       |
| difficulty | varchar(10)  | YES  |     | NULL    |       |
| topic      | varchar(50)  | YES  |     | NULL    |       |
| attempted  | int(11)      | YES  |     | NULL    |       |
| solved     | int(11)      | YES  |     | NULL    |       |
+------------+--------------+------+-----+---------+-------+


mysql> select *from leaderboard;
+----------+--------+------+--------+------+
| username | points | easy | medium | hard |
+----------+--------+------+--------+------+
| rachit41 |     45 |    2 |      5 |    3 |
| nisarg41 |     55 |    2 |      4 |    2 |
| nirmal29 |     22 |    1 |      3 |    1 |
+----------+--------+------+--------+------+
3 rows in set (0.00 sec)

mysql> desc leaderboard;
+----------+-------------+------+-----+---------+-------+
| Field    | Type        | Null | Key | Default | Extra |
+----------+-------------+------+-----+---------+-------+
| username | varchar(40) | YES  |     | NULL    |       |
| points   | int(11)     | YES  |     | NULL    |       |
| easy     | int(11)     | YES  |     | NULL    |       |
| medium   | int(11)     | YES  |     | NULL    |       |
| hard     | int(11)     | YES  |     | NULL    |       |
+----------+-------------+------+-----+---------+-------+
5 rows in set (0.00 sec)


map table

+------------------------+---------+
| email                  | problem |
+------------------------+---------+
| rachit.ban@iiitb.org   | 11      |
| nisarg.shah@iiitb.org  | 01      |
| nirmal.patel@iiitb.org | 10      |
+------------------------+---------+
3 rows in set (0.00 sec)

mysql> desc map;
+---------+--------------+------+-----+---------+-------+
| Field   | Type         | Null | Key | Default | Extra |
+---------+--------------+------+-----+---------+-------+
| email   | varchar(40)  | YES  |     | NULL    |       |
| problem | varchar(500) | YES  |     | NULL    |       |
+---------+--------------+------+-----+---------+-------+
2 rows in set (0.07 sec)


API - 
1 - verify the email and password variable of the user and send a class which contains json object variable authentication="Error" if not valid and authentication="username of the user" if valid.
2 - put email, password, username of the user in the user table.(signup form)
3 - put email and problem variable value = "00" in the map table.
4 - send the problem variable from map table of a given user and fetch whole problem table
5 - fetch whole leaderboard table.


DATABASE EXPORT -  mysqldump -u root -p project > project.sql

DATABASE IMPORT -  mysqldump -u root -p project < project.sql


